// Jest Snapshot v1, https://goo.gl/fbAQLP

exports[`ProductFeatures renders correctly 1`] = `
ShallowWrapper {
  "length": 1,
  Symbol(enzyme.__root__): [Circular],
  Symbol(enzyme.__unrendered__): <ProductFeatures
    features={
        Array [
            "it works",
            "it turns purple",
          ]
    }
/>,
  Symbol(enzyme.__renderer__): Object {
    "batchedUpdates": [Function],
    "getNode": [Function],
    "render": [Function],
    "simulateEvent": [Function],
    "unmount": [Function],
  },
  Symbol(enzyme.__node__): Object {
    "instance": null,
    "key": undefined,
    "nodeType": "host",
    "props": Object {
      "children": Array [
        <div>
          product highlights
</div>,
        <ul>
          <li
                    className="feature-item"
          >
                    it works
          </li>
          <li
                    className="feature-item"
          >
                    it turns purple
          </li>
</ul>,
      ],
      "id": "product-feature-container",
    },
    "ref": null,
    "rendered": Array [
      Object {
        "instance": null,
        "key": undefined,
        "nodeType": "host",
        "props": Object {
          "children": "product highlights",
        },
        "ref": null,
        "rendered": "product highlights",
        "type": "div",
      },
      Object {
        "instance": null,
        "key": undefined,
        "nodeType": "host",
        "props": Object {
          "children": Array [
            <li
              className="feature-item"
>
              it works
</li>,
            <li
              className="feature-item"
>
              it turns purple
</li>,
          ],
        },
        "ref": null,
        "rendered": Array [
          Object {
            "instance": null,
            "key": "0",
            "nodeType": "host",
            "props": Object {
              "children": "it works",
              "className": "feature-item",
            },
            "ref": null,
            "rendered": "it works",
            "type": "li",
          },
          Object {
            "instance": null,
            "key": "1",
            "nodeType": "host",
            "props": Object {
              "children": "it turns purple",
              "className": "feature-item",
            },
            "ref": null,
            "rendered": "it turns purple",
            "type": "li",
          },
        ],
        "type": "ul",
      },
    ],
    "type": "div",
  },
  Symbol(enzyme.__nodes__): Array [
    Object {
      "instance": null,
      "key": undefined,
      "nodeType": "host",
      "props": Object {
        "children": Array [
          <div>
            product highlights
</div>,
          <ul>
            <li
                        className="feature-item"
            >
                        it works
            </li>
            <li
                        className="feature-item"
            >
                        it turns purple
            </li>
</ul>,
        ],
        "id": "product-feature-container",
      },
      "ref": null,
      "rendered": Array [
        Object {
          "instance": null,
          "key": undefined,
          "nodeType": "host",
          "props": Object {
            "children": "product highlights",
          },
          "ref": null,
          "rendered": "product highlights",
          "type": "div",
        },
        Object {
          "instance": null,
          "key": undefined,
          "nodeType": "host",
          "props": Object {
            "children": Array [
              <li
                className="feature-item"
>
                it works
</li>,
              <li
                className="feature-item"
>
                it turns purple
</li>,
            ],
          },
          "ref": null,
          "rendered": Array [
            Object {
              "instance": null,
              "key": "0",
              "nodeType": "host",
              "props": Object {
                "children": "it works",
                "className": "feature-item",
              },
              "ref": null,
              "rendered": "it works",
              "type": "li",
            },
            Object {
              "instance": null,
              "key": "1",
              "nodeType": "host",
              "props": Object {
                "children": "it turns purple",
                "className": "feature-item",
              },
              "ref": null,
              "rendered": "it turns purple",
              "type": "li",
            },
          ],
          "type": "ul",
        },
      ],
      "type": "div",
    },
  ],
  Symbol(enzyme.__options__): Object {
    "adapter": ReactSixteenAdapter {
      "options": Object {
        "enableComponentDidUpdateOnSetState": true,
      },
    },
  },
}
`;
